2026-08-01 09:40:49  INFO     Log file: /home/ravindu/campus-network/netmiko/logs/deploy-snmp-20260801-094049.log
2026-08-01 09:40:49  INFO     Deploying SNMPv2c to 4 device(s)
2026-08-01 09:40:49  INFO     Trap destination: 10.10.40.20
2026-08-01 09:40:58  INFO     [SW-A-DEIE] connecting to 10.99.99.21 (attempt 1/3)
2026-08-01 09:41:01  INFO     [SW-A-DEIE] connected
2026-08-01 09:41:08  INFO     [SW-A-DEIE] applying 5 SNMP line(s)
2026-08-01 09:41:08  INFO     [SW-A-DEIE]   + snmp-server community CampusRO RO
2026-08-01 09:41:08  INFO     [SW-A-DEIE]   + snmp-server host 10.10.40.20 version 2c CampusRO
2026-08-01 09:41:08  INFO     [SW-A-DEIE]   + snmp-server location Faculty of Engineering, University of Ruhuna, Hapugala
2026-08-01 09:41:08  INFO     [SW-A-DEIE]   + snmp-server contact EE8203 Network Operations
2026-08-01 09:41:08  INFO     [SW-A-DEIE]   + snmp-server enable traps snmp linkdown linkup coldstart warmstart
2026-08-01 09:41:25  INFO     [SW-A-DEIE] configuration saved
2026-08-01 09:41:25  INFO     [SW-A-DEIE] disconnected
2026-08-01 09:41:25  INFO     [SW-A-DCEE] connecting to 10.99.99.22 (attempt 1/3)
2026-08-01 09:41:28  INFO     [SW-A-DCEE] connected
2026-08-01 09:41:35  INFO     [SW-A-DCEE] applying 5 SNMP line(s)
2026-08-01 09:41:35  INFO     [SW-A-DCEE]   + snmp-server community CampusRO RO
2026-08-01 09:41:35  INFO     [SW-A-DCEE]   + snmp-server host 10.10.40.20 version 2c CampusRO
2026-08-01 09:41:35  INFO     [SW-A-DCEE]   + snmp-server location Faculty of Engineering, University of Ruhuna, Hapugala
2026-08-01 09:41:35  INFO     [SW-A-DCEE]   + snmp-server contact EE8203 Network Operations
2026-08-01 09:41:35  INFO     [SW-A-DCEE]   + snmp-server enable traps snmp linkdown linkup coldstart warmstart
2026-08-01 09:41:52  INFO     [SW-A-DCEE] configuration saved
2026-08-01 09:41:52  INFO     [SW-A-DCEE] disconnected
2026-08-01 09:41:52  INFO     [SW-A-DMME] connecting to 10.99.99.23 (attempt 1/3)
2026-08-01 09:41:55  INFO     [SW-A-DMME] connected
2026-08-01 09:42:03  INFO     [SW-A-DMME] applying 5 SNMP line(s)
2026-08-01 09:42:03  INFO     [SW-A-DMME]   + snmp-server community CampusRO RO
2026-08-01 09:42:03  INFO     [SW-A-DMME]   + snmp-server host 10.10.40.20 version 2c CampusRO
2026-08-01 09:42:03  INFO     [SW-A-DMME]   + snmp-server location Faculty of Engineering, University of Ruhuna, Hapugala
2026-08-01 09:42:03  INFO     [SW-A-DMME]   + snmp-server contact EE8203 Network Operations
2026-08-01 09:42:03  INFO     [SW-A-DMME]   + snmp-server enable traps snmp linkdown linkup coldstart warmstart
2026-08-01 09:42:20  INFO     [SW-A-DMME] configuration saved
2026-08-01 09:42:20  INFO     [SW-A-DMME] disconnected
2026-08-01 09:42:20  INFO     [SW-A-DIS] connecting to 10.99.99.24 (attempt 1/3)
2026-08-01 09:42:23  INFO     [SW-A-DIS] connected
2026-08-01 09:42:30  INFO     [SW-A-DIS] SNMP already correct, no change made
2026-08-01 09:42:30  INFO     [SW-A-DIS] disconnected
2026-08-01 09:42:30  INFO     ------------------------------------------------------------
2026-08-01 09:42:30  INFO     Summary
2026-08-01 09:42:30  INFO       SW-A-DCEE      CHANGED
2026-08-01 09:42:30  INFO       SW-A-DEIE      CHANGED
2026-08-01 09:42:30  INFO       SW-A-DIS       UNCHANGED
2026-08-01 09:42:30  INFO       SW-A-DMME      CHANGED
2026-08-01 09:42:30  INFO     ------------------------------------------------------------
2026-08-01 09:42:30  INFO     3 device(s) changed, 1 unchanged, 0 failed
