2026-08-01 09:34:08  INFO     Log file: /home/ravindu/campus-network/netmiko/logs/deploy-snmp-20260801-093408.log
2026-08-01 09:34:08  INFO     Deploying SNMPv2c to 2 device(s)
2026-08-01 09:34:08  INFO     Trap destination: 10.10.40.20
2026-08-01 09:34:15  INFO     [SW-CORE-1] connecting to 10.99.99.2 (attempt 1/3)
2026-08-01 09:34:18  INFO     [SW-CORE-1] connected
2026-08-01 09:34:27  INFO     [SW-CORE-1] applying 5 SNMP line(s)
2026-08-01 09:34:27  INFO     [SW-CORE-1]   + snmp-server community CampusRO RO
2026-08-01 09:34:27  INFO     [SW-CORE-1]   + snmp-server host 10.10.40.20 version 2c CampusRO
2026-08-01 09:34:27  INFO     [SW-CORE-1]   + snmp-server location Faculty of Engineering, University of Ruhuna, Hapugala
2026-08-01 09:34:27  INFO     [SW-CORE-1]   + snmp-server contact EE8203 Network Operations
2026-08-01 09:34:27  INFO     [SW-CORE-1]   + snmp-server enable traps snmp linkdown linkup coldstart warmstart
2026-08-01 09:34:45  INFO     [SW-CORE-1] configuration saved
2026-08-01 09:34:45  INFO     [SW-CORE-1] disconnected
2026-08-01 09:34:45  INFO     [SW-CORE-2] connecting to 10.99.99.3 (attempt 1/3)
2026-08-01 09:34:48  INFO     [SW-CORE-2] connected
2026-08-01 09:34:57  INFO     [SW-CORE-2] applying 5 SNMP line(s)
2026-08-01 09:34:57  INFO     [SW-CORE-2]   + snmp-server community CampusRO RO
2026-08-01 09:34:57  INFO     [SW-CORE-2]   + snmp-server host 10.10.40.20 version 2c CampusRO
2026-08-01 09:34:57  INFO     [SW-CORE-2]   + snmp-server location Faculty of Engineering, University of Ruhuna, Hapugala
2026-08-01 09:34:57  INFO     [SW-CORE-2]   + snmp-server contact EE8203 Network Operations
2026-08-01 09:34:57  INFO     [SW-CORE-2]   + snmp-server enable traps snmp linkdown linkup coldstart warmstart
2026-08-01 09:35:17  INFO     [SW-CORE-2] configuration saved
2026-08-01 09:35:17  INFO     [SW-CORE-2] disconnected
2026-08-01 09:35:17  INFO     ------------------------------------------------------------
2026-08-01 09:35:17  INFO     Summary
2026-08-01 09:35:17  INFO       SW-CORE-1      CHANGED
2026-08-01 09:35:17  INFO       SW-CORE-2      CHANGED
2026-08-01 09:35:17  INFO     ------------------------------------------------------------
2026-08-01 09:35:17  INFO     2 device(s) changed, 0 unchanged, 0 failed
