2026-08-01 09:44:50  INFO     Log file: /home/ravindu/campus-network/netmiko/logs/deploy-snmp-20260801-094450.log
2026-08-01 09:44:50  INFO     Deploying SNMPv2c to 2 device(s)
2026-08-01 09:44:50  INFO     Trap destination: 10.10.40.20
2026-08-01 09:44:56  INFO     [R-CORE] connecting to 10.99.0.1 (attempt 1/3)
2026-08-01 09:44:59  INFO     [R-CORE] connected
2026-08-01 09:45:05  INFO     [R-CORE] applying 5 SNMP line(s)
2026-08-01 09:45:05  INFO     [R-CORE]   + snmp-server community CampusRO RO
2026-08-01 09:45:05  INFO     [R-CORE]   + snmp-server host 10.10.40.20 version 2c CampusRO
2026-08-01 09:45:05  INFO     [R-CORE]   + snmp-server location Faculty of Engineering, University of Ruhuna, Hapugala
2026-08-01 09:45:05  INFO     [R-CORE]   + snmp-server contact EE8203 Network Operations
2026-08-01 09:45:05  INFO     [R-CORE]   + snmp-server enable traps snmp linkdown linkup coldstart warmstart
2026-08-01 09:45:15  INFO     [R-CORE] configuration saved
2026-08-01 09:45:15  INFO     [R-CORE] disconnected
2026-08-01 09:45:15  INFO     [R-EDGE] connecting to 10.99.0.2 (attempt 1/3)
2026-08-01 09:45:19  INFO     [R-EDGE] connected
2026-08-01 09:45:24  INFO     [R-EDGE] applying 5 SNMP line(s)
2026-08-01 09:45:24  INFO     [R-EDGE]   + snmp-server community CampusRO RO
2026-08-01 09:45:24  INFO     [R-EDGE]   + snmp-server host 10.10.40.20 version 2c CampusRO
2026-08-01 09:45:24  INFO     [R-EDGE]   + snmp-server location Faculty of Engineering, University of Ruhuna, Hapugala
2026-08-01 09:45:24  INFO     [R-EDGE]   + snmp-server contact EE8203 Network Operations
2026-08-01 09:45:24  INFO     [R-EDGE]   + snmp-server enable traps snmp linkdown linkup coldstart warmstart
2026-08-01 09:45:36  INFO     [R-EDGE] configuration saved
2026-08-01 09:45:36  INFO     [R-EDGE] disconnected
2026-08-01 09:45:36  INFO     ------------------------------------------------------------
2026-08-01 09:45:36  INFO     Summary
2026-08-01 09:45:36  INFO       R-CORE         CHANGED
2026-08-01 09:45:36  INFO       R-EDGE         CHANGED
2026-08-01 09:45:36  INFO     ------------------------------------------------------------
2026-08-01 09:45:36  INFO     2 device(s) changed, 0 unchanged, 0 failed
