2026-08-01 09:37:01  INFO     Log file: /home/ravindu/campus-network/netmiko/logs/deploy-snmp-20260801-093701.log
2026-08-01 09:37:01  INFO     Deploying SNMPv2c to 3 device(s)
2026-08-01 09:37:01  INFO     Trap destination: 10.10.40.20
2026-08-01 09:37:08  INFO     [SW-D-DEIE] connecting to 10.99.99.11 (attempt 1/3)
2026-08-01 09:37:11  INFO     [SW-D-DEIE] connected
2026-08-01 09:37:19  INFO     [SW-D-DEIE] applying 5 SNMP line(s)
2026-08-01 09:37:19  INFO     [SW-D-DEIE]   + snmp-server community CampusRO RO
2026-08-01 09:37:19  INFO     [SW-D-DEIE]   + snmp-server host 10.10.40.20 version 2c CampusRO
2026-08-01 09:37:19  INFO     [SW-D-DEIE]   + snmp-server location Faculty of Engineering, University of Ruhuna, Hapugala
2026-08-01 09:37:19  INFO     [SW-D-DEIE]   + snmp-server contact EE8203 Network Operations
2026-08-01 09:37:19  INFO     [SW-D-DEIE]   + snmp-server enable traps snmp linkdown linkup coldstart warmstart
2026-08-01 09:37:35  INFO     [SW-D-DEIE] configuration saved
2026-08-01 09:37:35  INFO     [SW-D-DEIE] disconnected
2026-08-01 09:37:35  INFO     [SW-D-DCEE] connecting to 10.99.99.12 (attempt 1/3)
2026-08-01 09:37:39  INFO     [SW-D-DCEE] connected
2026-08-01 09:37:46  INFO     [SW-D-DCEE] applying 5 SNMP line(s)
2026-08-01 09:37:46  INFO     [SW-D-DCEE]   + snmp-server community CampusRO RO
2026-08-01 09:37:46  INFO     [SW-D-DCEE]   + snmp-server host 10.10.40.20 version 2c CampusRO
2026-08-01 09:37:46  INFO     [SW-D-DCEE]   + snmp-server location Faculty of Engineering, University of Ruhuna, Hapugala
2026-08-01 09:37:46  INFO     [SW-D-DCEE]   + snmp-server contact EE8203 Network Operations
2026-08-01 09:37:46  INFO     [SW-D-DCEE]   + snmp-server enable traps snmp linkdown linkup coldstart warmstart
2026-08-01 09:38:02  INFO     [SW-D-DCEE] configuration saved
2026-08-01 09:38:02  INFO     [SW-D-DCEE] disconnected
2026-08-01 09:38:02  INFO     [SW-D-DMME] connecting to 10.99.99.13 (attempt 1/3)
2026-08-01 09:38:05  INFO     [SW-D-DMME] connected
2026-08-01 09:38:12  INFO     [SW-D-DMME] applying 5 SNMP line(s)
2026-08-01 09:38:12  INFO     [SW-D-DMME]   + snmp-server community CampusRO RO
2026-08-01 09:38:12  INFO     [SW-D-DMME]   + snmp-server host 10.10.40.20 version 2c CampusRO
2026-08-01 09:38:12  INFO     [SW-D-DMME]   + snmp-server location Faculty of Engineering, University of Ruhuna, Hapugala
2026-08-01 09:38:12  INFO     [SW-D-DMME]   + snmp-server contact EE8203 Network Operations
2026-08-01 09:38:12  INFO     [SW-D-DMME]   + snmp-server enable traps snmp linkdown linkup coldstart warmstart
2026-08-01 09:38:29  INFO     [SW-D-DMME] configuration saved
2026-08-01 09:38:29  INFO     [SW-D-DMME] disconnected
2026-08-01 09:38:29  INFO     ------------------------------------------------------------
2026-08-01 09:38:29  INFO     Summary
2026-08-01 09:38:29  INFO       SW-D-DCEE      CHANGED
2026-08-01 09:38:29  INFO       SW-D-DEIE      CHANGED
2026-08-01 09:38:29  INFO       SW-D-DMME      CHANGED
2026-08-01 09:38:29  INFO     ------------------------------------------------------------
2026-08-01 09:38:29  INFO     3 device(s) changed, 0 unchanged, 0 failed
